{"validation": {"collision_rate": 0.0, "global_step": 10000, "max_applied_correction_abs": 0.0, "mean_applied_correction_abs": 0.0, "mean_covariance_scale_0_max": 1.0, "mean_covariance_scale_0_mean": 1.0, "mean_covariance_scale_0_min": 1.0, "mean_covariance_scale_0_std": 0.0, "mean_covariance_scale_1_max": 1.0, "mean_covariance_scale_1_mean": 1.0, "mean_covariance_scale_1_min": 1.0, "mean_covariance_scale_1_std": 0.0, "mean_cross_track_rmse": 0.2309660172553564, "mean_goal_distance": 0.24223767741634403, "mean_online_conservative_advantage": 0.0, "mean_online_positive_advantage_fraction": 1.0, "mean_path_completion_ratio": 0.9827577670590275, "mean_return": 75.55718183782994, "mean_target_conservative_advantage": 0.0, "mean_target_positive_advantage_fraction": 1.0, "selection_best_global_step": 10000, "selection_collision_regressions": 0, "selection_eligible": true, "selection_mean_goal_distance_improvement": 0.0, "selection_meaningful_improvement": true, "selection_mode": "scalar", "selection_reason": "scalar_score_improved", "selection_selected": true, "selection_success_gains": 0, "selection_success_losses": 0, "success_rate": 1.0}}
{"validation": {"collision_rate": 0.0, "global_step": 20000, "max_applied_correction_abs": 0.0, "mean_applied_correction_abs": 0.0, "mean_covariance_scale_0_max": 1.0, "mean_covariance_scale_0_mean": 1.0, "mean_covariance_scale_0_min": 1.0, "mean_covariance_scale_0_std": 0.0, "mean_covariance_scale_1_max": 1.0, "mean_covariance_scale_1_mean": 1.0, "mean_covariance_scale_1_min": 1.0, "mean_covariance_scale_1_std": 0.0, "mean_cross_track_rmse": 0.17873099082136015, "mean_goal_distance": 0.6441922681286547, "mean_online_conservative_advantage": 0.0, "mean_online_positive_advantage_fraction": 1.0, "mean_path_completion_ratio": 0.6829316368989983, "mean_return": 16.911973692050335, "mean_target_conservative_advantage": 0.0, "mean_target_positive_advantage_fraction": 1.0, "selection_best_global_step": null, "selection_collision_regressions": 0, "selection_eligible": true, "selection_mean_goal_distance_improvement": 0.0, "selection_meaningful_improvement": false, "selection_mode": "scalar", "selection_reason": "scalar_score_not_improved", "selection_selected": false, "selection_success_gains": 0, "selection_success_losses": 0, "success_rate": 0.5}}
{"validation": {"collision_rate": 0.0, "global_step": 30000, "max_applied_correction_abs": 0.0, "mean_applied_correction_abs": 0.0, "mean_covariance_scale_0_max": 1.0, "mean_covariance_scale_0_mean": 1.0, "mean_covariance_scale_0_min": 1.0, "mean_covariance_scale_0_std": 0.0, "mean_covariance_scale_1_max": 1.0, "mean_covariance_scale_1_mean": 1.0, "mean_covariance_scale_1_min": 1.0, "mean_covariance_scale_1_std": 0.0, "mean_cross_track_rmse": 0.18898715442763314, "mean_goal_distance": 0.36298131613271073, "mean_online_conservative_advantage": 0.0, "mean_online_positive_advantage_fraction": 1.0, "mean_path_completion_ratio": 0.9801948091557573, "mean_return": 58.325555930737416, "mean_target_conservative_advantage": 0.0, "mean_target_positive_advantage_fraction": 1.0, "selection_best_global_step": null, "selection_collision_regressions": 0, "selection_eligible": true, "selection_mean_goal_distance_improvement": 0.0, "selection_meaningful_improvement": false, "selection_mode": "scalar", "selection_reason": "scalar_score_not_improved", "selection_selected": false, "selection_success_gains": 0, "selection_success_losses": 0, "success_rate": 0.5}}
{"validation": {"collision_rate": 0.0, "global_step": 40000, "max_applied_correction_abs": 0.0, "mean_applied_correction_abs": 0.0, "mean_covariance_scale_0_max": 1.0, "mean_covariance_scale_0_mean": 1.0, "mean_covariance_scale_0_min": 1.0, "mean_covariance_scale_0_std": 0.0, "mean_covariance_scale_1_max": 1.0, "mean_covariance_scale_1_mean": 1.0, "mean_covariance_scale_1_min": 1.0, "mean_covariance_scale_1_std": 0.0, "mean_cross_track_rmse": 0.09978304151388524, "mean_goal_distance": 0.235486677533537, "mean_online_conservative_advantage": 0.0, "mean_online_positive_advantage_fraction": 1.0, "mean_path_completion_ratio": 0.9643973428688147, "mean_return": 104.81608845434171, "mean_target_conservative_advantage": 0.0, "mean_target_positive_advantage_fraction": 1.0, "selection_best_global_step": 40000, "selection_collision_regressions": 0, "selection_eligible": true, "selection_mean_goal_distance_improvement": 0.0, "selection_meaningful_improvement": true, "selection_mode": "scalar", "selection_reason": "scalar_score_improved", "selection_selected": true, "selection_success_gains": 0, "selection_success_losses": 0, "success_rate": 1.0}}
{"validation": {"collision_rate": 0.0, "global_step": 50000, "max_applied_correction_abs": 0.0, "mean_applied_correction_abs": 0.0, "mean_covariance_scale_0_max": 1.0, "mean_covariance_scale_0_mean": 1.0, "mean_covariance_scale_0_min": 1.0, "mean_covariance_scale_0_std": 0.0, "mean_covariance_scale_1_max": 1.0, "mean_covariance_scale_1_mean": 1.0, "mean_covariance_scale_1_min": 1.0, "mean_covariance_scale_1_std": 0.0, "mean_cross_track_rmse": 0.13952769799829565, "mean_goal_distance": 0.23790077007362012, "mean_online_conservative_advantage": 0.0, "mean_online_positive_advantage_fraction": 1.0, "mean_path_completion_ratio": 0.9692302181225297, "mean_return": 98.19216014950334, "mean_target_conservative_advantage": 0.0, "mean_target_positive_advantage_fraction": 1.0, "selection_best_global_step": null, "selection_collision_regressions": 0, "selection_eligible": true, "selection_mean_goal_distance_improvement": 0.0, "selection_meaningful_improvement": false, "selection_mode": "scalar", "selection_reason": "scalar_score_not_improved", "selection_selected": false, "selection_success_gains": 0, "selection_success_losses": 0, "success_rate": 1.0}}
{"validation": {"collision_rate": 0.0, "global_step": 60000, "max_applied_correction_abs": 0.0, "mean_applied_correction_abs": 0.0, "mean_covariance_scale_0_max": 1.0, "mean_covariance_scale_0_mean": 1.0, "mean_covariance_scale_0_min": 1.0, "mean_covariance_scale_0_std": 0.0, "mean_covariance_scale_1_max": 1.0, "mean_covariance_scale_1_mean": 1.0, "mean_covariance_scale_1_min": 1.0, "mean_covariance_scale_1_std": 0.0, "mean_cross_track_rmse": 0.1009508649342596, "mean_goal_distance": 0.24234781147776951, "mean_online_conservative_advantage": 0.0, "mean_online_positive_advantage_fraction": 1.0, "mean_path_completion_ratio": 0.967370021170807, "mean_return": 106.32048867311407, "mean_target_conservative_advantage": 0.0, "mean_target_positive_advantage_fraction": 1.0, "selection_best_global_step": 60000, "selection_collision_regressions": 0, "selection_eligible": true, "selection_mean_goal_distance_improvement": 0.0, "selection_meaningful_improvement": true, "selection_mode": "scalar", "selection_reason": "scalar_score_improved", "selection_selected": true, "selection_success_gains": 0, "selection_success_losses": 0, "success_rate": 1.0}}
{
  "best_checkpoint": "/home/mapples/projects/mobile-robot-mppi-study/results/research_platform/rl/path_conditioned_l185_seed20261902_60k/checkpoints/best.pt",
  "best_validation_score": 1106.3204886731141,
  "checkpoint_selection": null,
  "episodes": 338,
  "global_step": 60000,
  "interrupted_episodes": 0,
  "latest_checkpoint": "/home/mapples/projects/mobile-robot-mppi-study/results/research_platform/rl/path_conditioned_l185_seed20261902_60k/checkpoints/latest.pt",
  "precision_constraint": {
    "config": {
      "dual_lr": 250.0,
      "enabled": false,
      "initial_multiplier": 0.0,
      "maximum_multiplier": 100.0,
      "target_cross_track_rmse_m": 0.04
    },
    "multiplier": 0.0,
    "updates": 0
  }
}
