[block 1/8] id seed=750100005 complete
[block 2/8] id seed=750100017 complete
[block 3/8] ood seed=750200042 complete
[block 4/8] id seed=750100038 complete
[block 5/8] id seed=750100002 complete
[block 6/8] ood seed=750200036 complete
[block 7/8] id seed=750100026 complete
[block 8/8] ood seed=750200020 complete
{
  "bundle_sha256": "b16076a32763f65acc35e81fbd54c7c80d95ac8697972ffb8f7dbf99c6060b6a",
  "checks": {
    "collision_count_improved": true,
    "emergency_mechanism_exercised": false,
    "mean_minimum_clearance_preserved": true,
    "minimum_prevented_collisions": true,
    "no_lost_v4_successes": true,
    "no_new_paired_collisions": true,
    "rollout_budget_exact": true,
    "safe_success_noninferior": true
  },
  "status": "development_gate_fail"
}
