[block 1/4] id seed=750300015 complete
[block 2/4] id seed=750300029 complete
[block 3/4] ood seed=750400001 complete
[block 4/4] ood seed=750400003 complete
{
  "bundle_sha256": "aeb4d59cffd79f916f97b204af96a85081ff5f476dc5df86ea55df7587651f79",
  "checks": {
    "candidate_clearance_nonnegative": false,
    "collision_count_improved": true,
    "counterflow_mechanism_exercised": true,
    "emergency_mechanism_exercised": true,
    "mean_minimum_clearance_preserved": true,
    "minimum_prevented_collisions": true,
    "near_distance_trigger_exercised": true,
    "no_lost_v4_successes": true,
    "no_new_paired_collisions": true,
    "rollout_budget_exact": true,
    "safe_success_noninferior": true
  },
  "status": "development_gate_fail"
}
