[block 1/8] id seed=750100005 complete
[block 2/8] id seed=750100017 complete
[block 3/8] ood seed=750200042 complete
[block 4/8] id seed=750100038 complete
[block 5/8] id seed=750100026 complete
[block 6/8] id seed=750100002 complete
[block 7/8] ood seed=750200020 complete
[block 8/8] ood seed=750200036 complete
{
  "bundle_sha256": "11a9557ce25b11b7c877f115f4ad79cad88443642d966c7d4cad4b25951032b1",
  "checks": {
    "collision_count_improved": false,
    "emergency_mechanism_exercised": true,
    "mean_minimum_clearance_preserved": true,
    "minimum_prevented_collisions": true,
    "no_lost_v4_successes": false,
    "no_new_paired_collisions": false,
    "rollout_budget_exact": true,
    "safe_success_noninferior": false
  },
  "status": "development_gate_fail"
}
