{
  "anytime_add_fraction": 0.0,
  "anytime_confidence_width_mean": 0.0,
  "anytime_decision_refresh_fraction": 0.0,
  "anytime_mean_samples": 0.0,
  "anytime_predicted_advantage_mean": 0.0,
  "applied_control_jerk": 0.09272621364899528,
  "base_elite_count_total": 0,
  "boundary_safe_success": false,
  "boundary_violation_steps": 43,
  "center_crossing_count": 0,
  "collision": true,
  "completion_handover_authority_mean": 1.0,
  "completion_handover_authority_min": 1.0,
  "completion_handover_enabled_fraction": 0.0,
  "control_jerk": 0.11608456678377925,
  "covariance_scale_mean": 0.5901911172082809,
  "cross_track_max": 0.8497716767874945,
  "cross_track_mean": 0.2637591454439951,
  "cross_track_p95": 1.7647960530912061,
  "cross_track_rmse": 0.380888051317143,
  "dynamic_deadline_conflict_seen_steps": 0,
  "dynamic_deadline_required_speed_max_active": 0.0,
  "dynamic_deadline_speed_floor_mean_active": 0.0,
  "dynamic_deadline_supervisor_active_steps": 0,
  "dynamic_deadline_supervisor_enabled_fraction": 0.0,
  "dynamic_escape_allowed_steps": 15,
  "dynamic_escape_corridor_steps": 0,
  "dynamic_escape_corridor_turn_steps": 0,
  "dynamic_escape_geometric_forward_steps": 0,
  "dynamic_escape_held_steps": 0,
  "dynamic_escape_probability_mass_enabled_fraction": 1.0,
  "dynamic_escape_probability_mass_fallback_steps": 7,
  "dynamic_escape_uncertainty_fusion_steps": 0,
  "dynamic_escape_vetted_planner_control_steps": 15,
  "dynamic_obstacle_count": 3,
  "dynamic_recovery_abort_steps": 0,
  "dynamic_recovery_active_steps": 0,
  "dynamic_recovery_advance_count_max": 0,
  "dynamic_recovery_advance_steps": 0,
  "dynamic_recovery_align_steps": 0,
  "dynamic_recovery_alignment_creep_steps": 0,
  "dynamic_recovery_forward_commit_steps": 0,
  "dynamic_recovery_progress_reentry_count_max": 0,
  "dynamic_recovery_progress_watch_steps": 0,
  "dynamic_recovery_progress_watch_trigger_count": 0,
  "dynamic_recovery_progressive_acceleration_enabled_fraction": 0.0,
  "dynamic_recovery_speed_floor_max": 0.0,
  "dynamic_recovery_speed_floor_mean": 0.0,
  "effective_sample_size_mean": 25.037524682642548,
  "effective_sample_size_min": 1.0,
  "final_goal_distance": 5.319592391818563,
  "integrated_deviation_area": 9.454393988123863,
  "known_static_map_candidate_feasible_fraction_mean": 0.7200394944707741,
  "known_static_map_candidate_filter_enabled_fraction": 1.0,
  "known_static_map_cost_enabled_fraction": 1.0,
  "known_static_map_fallback_steps": 0,
  "known_static_map_minimum_clearance_min": 0.0003232840033176032,
  "known_static_map_no_feasible_decision_fraction": 0.0,
  "known_static_map_weighted_update_infeasible_fraction": 0.0,
  "maximum_recovery_distance": 0.0,
  "maximum_recovery_time": 3.799999999997894,
  "mean_abs_omega": 0.20739601412742856,
  "mean_slip_ratio": 0.1136833659371134,
  "minimum_clearance": -0.012748326162398516,
  "minimum_dynamic_obstacle_center_distance": 0.34727468906648756,
  "minimum_footprint_boundary_margin": -1.1939973284754073,
  "obstacle_pass_events": 1,
  "optimizer": "paper_rl_driven",
  "paper_actor_baseline_first_action_l2_delta_mean": 0.5435814282747643,
  "paper_actor_baseline_mean_abs_delta_mean": 0.2911559871001837,
  "paper_candidates_per_iteration_mean": 277.25118483412325,
  "paper_gaussian_elite_count_total": 17276,
  "paper_gaussian_feasible_fraction_mean": 0.44442535998091864,
  "paper_gaussian_opportunity_count_total": 115748,
  "paper_guided_boundary_feasible_fraction_mean": 1.0,
  "paper_guided_boundary_first_failure_step_mean": -1.0,
  "paper_guided_cost_observed_fraction": 0.004739336492890996,
  "paper_guided_elite_count_total": 0,
  "paper_guided_feasible_fraction_mean": 0.0,
  "paper_guided_minus_gaussian_cost_mean_mean": 83976.52439492452,
  "paper_guided_minus_gaussian_cost_min_mean": 100066.33908008544,
  "paper_guided_opportunity_count_total": 178,
  "paper_guided_reuses_total": 180,
  "paper_guided_risk_feasible_fraction_mean": 1.0,
  "paper_guided_risk_first_failure_step_mean": -1.0,
  "paper_guided_static_feasible_fraction_mean": 0.0,
  "paper_guided_static_first_failure_step_mean": 26.89887640449438,
  "paper_guided_unique_sequences_mean": 0.4265402843601896,
  "paper_same_cycle_gaussian_actor_isolated_fraction": 0.9241706161137441,
  "paper_same_cycle_guided_cost_filter_active_fraction": 0.0,
  "paper_same_cycle_guided_cost_filter_enabled_fraction": 0.9241706161137441,
  "paper_same_cycle_guided_cost_filter_iterations_total": 0,
  "paper_same_cycle_guided_filtered_candidates_total": 0,
  "paper_standard_fallback_active_fraction": 0.0,
  "paper_standard_fallback_contract": "disabled",
  "paper_total_rollouts_mean": 554.5023696682465,
  "path_boundary_candidate_feasible_fraction_mean": 1.0,
  "path_boundary_candidate_feasible_fraction_min": 1.0,
  "path_boundary_candidate_filter_enabled_fraction": 0.0,
  "path_boundary_fallback_fraction": 0.0,
  "path_boundary_fallback_steps": 0,
  "path_boundary_final_min_margin_min": 0.0,
  "path_boundary_no_feasible_decision_fraction": 0.0,
  "path_boundary_no_feasible_iteration_fraction_mean": 0.0,
  "path_boundary_weighted_update_infeasible_fraction": 0.0,
  "path_progress_m_max": 3.7041139170937405,
  "path_progress_ratio_max": 0.14459872531450588,
  "planner_compute_ms_max": 29985.953499999596,
  "planner_compute_ms_mean": 436.3405284364498,
  "planner_compute_ms_p50": 299.2210000229534,
  "planner_compute_ms_p95": 380.57404999563005,
  "planner_compute_ms_p99": 429.75642998353584,
  "planner_deadline_miss_rate": 0.976303317535545,
  "planner_deadline_misses": 206,
  "planner_deadline_ms": 100.0,
  "planner_temporal_escape_active_steps": 35,
  "probabilistic_obstacle_active_fallback_steps": 43,
  "probabilistic_obstacle_counterflow_escape_steps": 57,
  "probabilistic_obstacle_emergency_candidate_selected_steps": 36,
  "probabilistic_obstacle_emergency_critical_distance_triggered_steps": 6,
  "probabilistic_obstacle_emergency_forecast_corroborated_steps": 41,
  "probabilistic_obstacle_emergency_near_distance_triggered_steps": 48,
  "probabilistic_obstacle_low_risk_forward_commit_steps": 0,
  "probabilistic_obstacle_mass_fallback_steps": 2,
  "probabilistic_obstacle_pareto_forward_commit_steps": 0,
  "probabilistic_obstacle_risk_equivalent_forward_progress_steps": 0,
  "probabilistic_obstacle_speed_governor_bypassed_for_active_avoidance_steps": 43,
  "probabilistic_obstacle_stopping_feasibility_enabled_fraction": 0.9241706161137441,
  "probabilistic_obstacle_temporal_emergency_triggered_steps": 57,
  "probabilistic_obstacle_temporal_emergency_vetted_steps": 35,
  "probabilistic_obstacle_traversal_candidate_selected_steps": 0,
  "probabilistic_obstacle_traversal_commit_active_steps": 0,
  "probabilistic_obstacle_traversal_commit_admission_exit_deadline_forward_lattice_filtered_steps": 0,
  "probabilistic_obstacle_traversal_commit_admission_exit_deadline_hold_hard_risk_override_steps": 0,
  "probabilistic_obstacle_traversal_commit_admission_exit_deadline_hold_requested_steps": 0,
  "probabilistic_obstacle_traversal_commit_admission_exit_deadline_rejected_steps": 0,
  "probabilistic_obstacle_traversal_commit_admission_prealign_requested_steps": 0,
  "probabilistic_obstacle_traversal_commit_admission_rejected_steps": 0,
  "probabilistic_obstacle_traversal_commit_admission_released_steps": 0,
  "probabilistic_obstacle_traversal_commit_admission_waiting_steps": 0,
  "probabilistic_obstacle_traversal_commit_cancelled_by_temporal_closing_steps": 0,
  "probabilistic_obstacle_traversal_commit_cancelled_by_temporal_exit_deadline_guard_steps": 0,
  "probabilistic_obstacle_traversal_commit_cancelled_by_temporal_midpoint_guard_steps": 0,
  "probabilistic_obstacle_traversal_commit_cancelled_steps": 0,
  "probabilistic_obstacle_traversal_commit_completed_steps": 0,
  "probabilistic_obstacle_traversal_commit_overridden_by_post_center_hard_risk_steps": 0,
  "probabilistic_obstacle_traversal_commit_overridden_by_post_center_temporal_risk_steps": 0,
  "probabilistic_obstacle_traversal_commit_preserved_for_nearest_safe_exit_steps": 0,
  "probabilistic_obstacle_traversal_commit_started_steps": 0,
  "probabilistic_obstacle_traversal_exit_deadline_retreat_escape_latched_steps": 0,
  "probabilistic_obstacle_traversal_exit_deadline_retreat_escape_reused_steps": 0,
  "probabilistic_obstacle_traversal_exit_deadline_retreat_escape_transaction_active_steps": 0,
  "probabilistic_obstacle_traversal_forecast_sufficient_steps": 0,
  "probabilistic_obstacle_traversal_maximum_probability_max": 0.0,
  "probabilistic_obstacle_traversal_post_center_forward_exit_candidate_count_max": 4,
  "probabilistic_obstacle_traversal_post_center_forward_exit_commit_requested_steps": 0,
  "probabilistic_obstacle_traversal_post_center_forward_exit_coverage_applied_steps": 0,
  "probabilistic_obstacle_traversal_post_center_forward_exit_lattice_filtered_steps": 0,
  "probabilistic_obstacle_traversal_post_center_low_ttc_continuity_forward_lattice_filtered_steps": 0,
  "probabilistic_obstacle_traversal_post_center_low_ttc_continuity_hard_risk_fallback_steps": 0,
  "probabilistic_obstacle_traversal_post_center_low_ttc_continuity_release_condition_met_steps": 0,
  "probabilistic_obstacle_traversal_post_center_low_ttc_continuity_requested_steps": 0,
  "probabilistic_obstacle_traversal_post_center_low_ttc_first_step_boundary_handoff_admitted_count_max": 0,
  "probabilistic_obstacle_traversal_post_center_low_ttc_first_step_boundary_handoff_requested_steps": 0,
  "probabilistic_obstacle_traversal_post_center_low_ttc_first_step_boundary_handoff_selected_steps": 0,
  "probabilistic_obstacle_traversal_post_center_low_ttc_nonforward_candidate_count_max": 4,
  "probabilistic_obstacle_traversal_post_center_low_ttc_nonforward_coverage_applied_steps": 6,
  "probabilistic_obstacle_traversal_post_center_low_ttc_nonforward_coverage_requested_steps": 0,
  "probabilistic_obstacle_traversal_post_center_low_ttc_prefix_boundary_handoff_admitted_count_max": 0,
  "probabilistic_obstacle_traversal_post_center_low_ttc_prefix_boundary_handoff_requested_steps": 0,
  "probabilistic_obstacle_traversal_post_center_low_ttc_prefix_boundary_handoff_selected_steps": 0,
  "probabilistic_obstacle_traversal_post_center_temporal_escape_latched_steps": 0,
  "probabilistic_obstacle_traversal_post_center_temporal_escape_reused_steps": 0,
  "probabilistic_obstacle_traversal_probability_mass_min": 0.0,
  "probabilistic_obstacle_traversal_rearm_hold_overridden_by_hard_risk_steps": 0,
  "probabilistic_obstacle_traversal_rearm_hold_overridden_by_temporal_closing_steps": 0,
  "probabilistic_obstacle_traversal_rearm_no_crossing_certified_handoff_active_steps": 0,
  "probabilistic_obstacle_traversal_rearm_no_crossing_certified_handoff_safe_steps": 0,
  "probabilistic_obstacle_traversal_rearm_no_crossing_safe_streak_max": 0,
  "probabilistic_obstacle_traversal_rearm_pending_steps": 0,
  "probabilistic_obstacle_traversal_rearm_released_by_no_crossing_clearance_steps": 0,
  "probabilistic_obstacle_traversal_rearm_staging_approach_requested_steps": 0,
  "probabilistic_obstacle_traversal_rearm_staging_approach_safe_steps": 0,
  "probabilistic_obstacle_traversal_required_steps_max": 0,
  "probabilistic_obstacle_traversal_retreat_completed_steps": 0,
  "probabilistic_obstacle_traversal_retreat_requested_steps": 0,
  "probabilistic_obstacle_traversal_retreat_temporal_lattice_requested_steps": 0,
  "probabilistic_obstacle_traversal_temporal_midpoint_retreat_forward_lattice_filtered_steps": 0,
  "probabilistic_obstacle_traversal_temporal_retreat_post_intent_forward_lattice_filtered_steps": 0,
  "probabilistic_obstacle_traversal_temporal_retreat_raw_lattice_requested_steps": 0,
  "probabilistic_obstacle_traversal_uncommitted_temporal_staging_hold_hard_risk_override_steps": 0,
  "probabilistic_obstacle_traversal_uncommitted_temporal_staging_hold_requested_steps": 0,
  "probabilistic_obstacle_traversal_uncommitted_temporal_staging_hold_selected_steps": 0,
  "probabilistic_obstacle_traversal_uncommitted_temporal_staging_terminal_release_active_steps": 0,
  "probabilistic_obstacle_traversal_window_safe_steps": 0,
  "probabilistic_reference_authority_enabled_fraction": 1.0,
  "probabilistic_reference_authority_mean": 0.6136599059725931,
  "probabilistic_reference_authority_min": 0.2,
  "probabilistic_reference_risk_filtered_max": 0.9670543985781627,
  "profile_mppi_batch_rollout_ms_mean": 0.4032563981743556,
  "profile_mppi_cost_ms_mean": 1.2135895736564075,
  "profile_mppi_final_rollout_ms_mean": 0.19539668242959085,
  "profile_mppi_sampling_ms_mean": 0.0656601892601063,
  "profile_mppi_solve_total_ms_mean": 3.04157677715119,
  "profile_mppi_weighting_update_ms_mean": 1.0717872036974083,
  "profile_planner_prior_ms_mean": 0.4507417069754665,
  "profile_planner_state_reference_ms_mean": 144.26306303371499,
  "profile_prior_actor_ms_mean": 0.0,
  "profile_prior_advantage_ms_mean": 0.0,
  "profile_prior_decoder_ms_mean": 0.0,
  "profile_prior_encode_normalize_ms_mean": 0.0,
  "profile_prior_fallback_ms_mean": 0.0,
  "profile_prior_gate_features_ms_mean": 0.0,
  "profile_prior_outer_gate_ms_mean": 0.0,
  "profile_prior_total_ms_mean": 0.0,
  "recovery_events": 0,
  "reliability_actor_competence_gaussian_yield_mean": 0.0,
  "reliability_actor_competence_guided_yield_mean": 0.0,
  "reliability_actor_competence_mapped_mean": 1.0,
  "reliability_actor_competence_max": 1.0,
  "reliability_actor_competence_mean": 1.0,
  "reliability_actor_competence_min": 1.0,
  "reliability_actor_competence_raw_mean": 1.0,
  "reliability_actor_support_confidence_max": 1.0,
  "reliability_actor_support_confidence_mean": 0.07582938388625593,
  "reliability_actor_support_confidence_min": 0.0,
  "reliability_authority_max": 1.0,
  "reliability_authority_mean": 0.07582938388625593,
  "reliability_authority_min": 0.0,
  "reliability_counterfactual_actor_progress_mean": 0.0,
  "reliability_counterfactual_advantage_mean": 0.0,
  "reliability_counterfactual_authority_mean": 1.0,
  "reliability_counterfactual_authority_min": 1.0,
  "reliability_counterfactual_baseline_progress_mean": 0.0,
  "reliability_counterfactual_enabled_fraction": 0.0,
  "reliability_dynamics_confidence_max": 1.0,
  "reliability_dynamics_confidence_mean": 0.07582938388625593,
  "reliability_dynamics_confidence_min": 0.0,
  "reliability_dynamics_routing_mode": "policy_rescue",
  "reliability_guided_fraction_applied_mean": 0.024170616113744076,
  "reliability_guided_fraction_next_mean": 0.022748815165876776,
  "reliability_guided_fraction_raw_applied_mean": 0.024170616113744076,
  "reliability_guided_fraction_raw_applied_min": 0.0,
  "reliability_guided_fraction_raw_next_mean": 0.022748815165876776,
  "reliability_guided_fraction_raw_next_min": 0.0,
  "reliability_high_fraction": 0.0,
  "reliability_hss_enabled_fraction": 0.9241706161137441,
  "reliability_low_fraction": 0.9241706161137441,
  "reliability_medium_fraction": 0.0,
  "reliability_model_routing_factor_max": 1.0,
  "reliability_model_routing_factor_mean": 1.0,
  "reliability_model_routing_factor_min": 1.0,
  "reliability_proposal_advantage_authority_applied_mean": 1.0,
  "reliability_proposal_advantage_authority_applied_min": 1.0,
  "reliability_proposal_advantage_disadvantage_fraction": 1.0,
  "reliability_proposal_advantage_gate_enabled_fraction": 0.9241706161137441,
  "reliability_proposal_advantage_gate_mode": "shadow",
  "reliability_proposal_advantage_gate_shadow_fraction": 0.9241706161137441,
  "reliability_proposal_advantage_latch_step": -1,
  "reliability_proposal_advantage_latched_fraction": 0.0,
  "reliability_proposal_advantage_observations_max": 1,
  "reliability_proposal_advantage_observed_fraction": 0.004739336492890996,
  "reliability_proposal_advantage_relative_max": -524.9663097810994,
  "reliability_proposal_advantage_relative_mean": -524.9663097810994,
  "reliability_proposal_advantage_relative_min": -524.9663097810994,
  "reliability_proposal_advantage_would_authority_next_min": 1.0,
  "reliability_proposal_authority_max": 1.0,
  "reliability_proposal_authority_mean": 0.07582938388625593,
  "reliability_proposal_authority_min": 0.0,
  "reliability_proposal_fallback_fraction_mean": 0.9241706161137441,
  "reliability_requested_proposal_authority_mean": 0.07582938388625593,
  "residual_policy_authority_enabled_fraction": 0.0,
  "residual_policy_authority_max": 0.0,
  "residual_policy_authority_mean": 0.0,
  "residual_policy_context_enabled_fraction": 0.0,
  "residual_policy_disagreement_mean": 0.0,
  "residual_policy_innovation_abs_max": 0.0,
  "residual_policy_innovation_abs_mean": 0.0,
  "residual_policy_innovation_valid_fraction": 0.0,
  "residual_policy_predicted_abs_max": 0.0,
  "residual_policy_predicted_abs_mean": 0.0,
  "residual_policy_support_mean": 0.0,
  "residual_reliability_alpha_max": 1.0,
  "residual_reliability_alpha_mean": 0.07582938388625593,
  "residual_reliability_enabled_fraction": 0.0,
  "residual_reliability_samples_max": 0,
  "residual_safety_shield_acceptance_fraction": 0.20853080568720378,
  "residual_safety_shield_enabled_fraction": 1.0,
  "residual_safety_shield_fallback_fraction": 0.7914691943127962,
  "residual_safety_shield_maximum_position_deviation_m": 0.7263450790693486,
  "residual_stall_guard_enabled_fraction": 0.0,
  "residual_stall_guard_latch_step": -1,
  "residual_stall_guard_latched": false,
  "residual_stall_guard_latched_fraction": 0.0,
  "residual_stall_guard_minimum_authority": 1.0,
  "residual_support_confidence_mean": 0.164054959256655,
  "residual_support_confidence_min": 0.0,
  "residual_support_disabled_fraction_mean": 0.0,
  "residual_support_reduced_fraction_mean": 0.0,
  "rl_applied_correction_abs_max": 0.0,
  "rl_applied_correction_abs_mean": 0.0,
  "rl_base_action_abs_mean": 0.0,
  "rl_baseline_progress_gate_ready_fraction": 0.0,
  "rl_baseline_progress_m_mean": 0.0,
  "rl_baseline_stagnation_activation_max": 0.0,
  "rl_baseline_stagnation_activation_mean": 0.0,
  "rl_baseline_stagnation_held_fraction": 0.0,
  "rl_competence_confidence_mean": 0.0,
  "rl_correction_advantage_critic_source": "online",
  "rl_correction_advantage_gate_alpha_mean": 1.0,
  "rl_correction_advantage_gate_mode": "none",
  "rl_correction_advantage_threshold": 0.0,
  "rl_correction_advantage_uncertainty_multiplier": 1.0,
  "rl_correction_effective_gate_alpha_mean": 1.0,
  "rl_correction_gate_alpha_mean": 0.0,
  "rl_correction_support_confidence_mean": 1.0,
  "rl_correction_support_confidence_min": 1.0,
  "rl_correction_support_gate_enabled": false,
  "rl_critic_disagreement_max": 0.0,
  "rl_critic_disagreement_mean": 0.0,
  "rl_driven_total_rollouts_mean": 0.0,
  "rl_elite_count_total": 0,
  "rl_elite_fraction_mean": 0.0,
  "rl_exploration_activation_mean": 0.0,
  "rl_exploration_latch_alpha_mean": 0.0,
  "rl_gate_active_fraction": 0.0,
  "rl_gate_alpha_mean": 0.0,
  "rl_gate_fallback_steps": 0,
  "rl_hazard_activation_mean": 0.0,
  "rl_learned_inference_skip_fraction": 0.0,
  "rl_online_conservative_advantage_max": 0.0,
  "rl_online_conservative_advantage_mean": 0.0,
  "rl_online_conservative_advantage_min": 0.0,
  "rl_online_positive_advantage_fraction": 1.0,
  "rl_ood_score_max": 0.0,
  "rl_ood_score_mean": 0.0,
  "rl_policy_mode": "direct",
  "rl_raw_applied_correction_abs_mean": 0.0,
  "rl_scene_complexity_constriction_mean": 0.0,
  "rl_scene_complexity_density_mean": 0.0,
  "rl_scene_complexity_front_proximity_mean": 0.0,
  "rl_scene_complexity_scan_valid_fraction": 0.0,
  "rl_scene_complexity_score_max": 0.0,
  "rl_scene_complexity_score_mean": 0.0,
  "rl_selected_consensus_lcb_mean": 0.0,
  "rl_subgoal_abs_bearing_mean": 0.0,
  "rl_subgoal_distance_mean": 0.0,
  "rl_target_conservative_advantage_max": 0.0,
  "rl_target_conservative_advantage_mean": 0.0,
  "rl_target_conservative_advantage_min": 0.0,
  "rl_target_positive_advantage_fraction": 1.0,
  "rl_temporal_closing_gate_alpha_max": 0.0,
  "rl_temporal_closing_gate_alpha_mean": 0.0,
  "rl_temporal_closing_held_fraction": 0.0,
  "rl_temporal_closing_rate_mps_max": 0.0,
  "rl_unit_correction_abs_mean": 0.0,
  "rl_unselected_critic_diagnostics_computed_fraction": 0.0,
  "safety_interventions": 7,
  "safety_reason_counts": {
    "front_obstacle_slow": 7
  },
  "sample_saturation_fraction_mean": 0.014205722309987713,
  "shifted_elite_count_total": 0,
  "signed_cross_track_error_mean": -0.40690513169209375,
  "spin_steps": 0,
  "static_astar_replan_count_max": 1,
  "static_astar_replan_enabled_fraction": 1.0,
  "static_astar_replan_trigger_count": 1,
  "steps": 211,
  "stuck_steps": 11,
  "success": false,
  "supervised_added_rollout_count_total": 0,
  "supervised_elite_count_total": 0,
  "supervised_head_0_elite_count_total": 0,
  "supervised_head_0_proposal_count_total": 0,
  "supervised_head_0_risk_feasible_count_total": 0,
  "supervised_head_0_selected_count_total": 0,
  "supervised_head_1_elite_count_total": 0,
  "supervised_head_1_proposal_count_total": 0,
  "supervised_head_1_risk_feasible_count_total": 0,
  "supervised_head_1_selected_count_total": 0,
  "supervised_head_2_elite_count_total": 0,
  "supervised_head_2_proposal_count_total": 0,
  "supervised_head_2_risk_feasible_count_total": 0,
  "supervised_head_2_selected_count_total": 0,
  "supervised_maneuver_actor_enabled_fraction": 0.0,
  "supervised_proposal_count_total": 0,
  "supervised_risk_feasible_count_total": 0,
  "supervised_selected_count_total": 0,
  "tangent_heading_rmse": 0.7620927031731637,
  "temporal_safety_interventions": 0,
  "temporal_scan_closing_rate_mps_max": 1.3015025585243638,
  "temporal_scan_rejected_jump_fraction_max": 0.5185185185185185,
  "temporal_scan_risk_alpha_max": 1.0,
  "temporal_scan_risk_alpha_mean": 0.6176040909489935,
  "temporal_scan_valid_fraction": 0.8104265402843602,
  "terminal_guidance_floor_active_fraction": 0.0,
  "terminal_guidance_terminal_active_fraction": 0.0,
  "terminal_guidance_tracking_active_fraction": 0.0,
  "terminal_q_disagreement_mean": 0.0,
  "terminal_q_mean": 0.0,
  "terminal_value_authority_max": 1.0,
  "terminal_value_authority_mean": 1.0,
  "terminal_value_authority_min": 1.0,
  "terminal_value_causal_cap_active_fraction": 0.0,
  "terminal_value_causal_dynamics_cap_mean": 1.0,
  "terminal_value_causal_dynamics_cap_min": 1.0,
  "terminal_value_completion_authority_mean": 1.0,
  "terminal_value_completion_authority_min": 1.0,
  "terminal_value_conservative_enabled_fraction": 0.0,
  "terminal_value_critic_confidence_mean": 1.0,
  "terminal_value_dynamics_confidence_mean": 1.0,
  "terminal_value_enabled_fraction": 0.0,
  "terminal_value_raw_authority_mean": 0.0,
  "terminal_value_uncertainty_cost_mean": 0.0,
  "terminal_value_uncertainty_mean": 0.0,
  "termination_reason": "collision",
  "time_to_goal_s": null,
  "trajectory_length": 5.109320825910004
}
