{"validation": {"collision_rate": 0.0, "global_step": 10000, "max_applied_correction_abs": 0.0, "mean_applied_correction_abs": 0.0, "mean_covariance_scale_0_max": 1.0, "mean_covariance_scale_0_mean": 1.0, "mean_covariance_scale_0_min": 1.0, "mean_covariance_scale_0_std": 0.0, "mean_covariance_scale_1_max": 1.0, "mean_covariance_scale_1_mean": 1.0, "mean_covariance_scale_1_min": 1.0, "mean_covariance_scale_1_std": 0.0, "mean_cross_track_rmse": 0.22615375722086917, "mean_goal_distance": 0.22634715185901344, "mean_online_conservative_advantage": 0.0, "mean_online_positive_advantage_fraction": 1.0, "mean_path_completion_ratio": 0.9662401997147987, "mean_return": 65.869663700514, "mean_target_conservative_advantage": 0.0, "mean_target_positive_advantage_fraction": 1.0, "selection_best_global_step": 10000, "selection_collision_regressions": 0, "selection_eligible": true, "selection_mean_goal_distance_improvement": 0.0, "selection_meaningful_improvement": true, "selection_mode": "scalar", "selection_reason": "scalar_score_improved", "selection_selected": true, "selection_success_gains": 0, "selection_success_losses": 0, "success_rate": 1.0}}
{"validation": {"collision_rate": 0.0, "global_step": 20000, "max_applied_correction_abs": 0.0, "mean_applied_correction_abs": 0.0, "mean_covariance_scale_0_max": 1.0, "mean_covariance_scale_0_mean": 1.0, "mean_covariance_scale_0_min": 1.0, "mean_covariance_scale_0_std": 0.0, "mean_covariance_scale_1_max": 1.0, "mean_covariance_scale_1_mean": 1.0, "mean_covariance_scale_1_min": 1.0, "mean_covariance_scale_1_std": 0.0, "mean_cross_track_rmse": 0.12474310710384298, "mean_goal_distance": 0.46892490930014896, "mean_online_conservative_advantage": 0.0, "mean_online_positive_advantage_fraction": 1.0, "mean_path_completion_ratio": 0.9325903794261233, "mean_return": 76.43361395078037, "mean_target_conservative_advantage": 0.0, "mean_target_positive_advantage_fraction": 1.0, "selection_best_global_step": null, "selection_collision_regressions": 0, "selection_eligible": true, "selection_mean_goal_distance_improvement": 0.0, "selection_meaningful_improvement": false, "selection_mode": "scalar", "selection_reason": "scalar_score_not_improved", "selection_selected": false, "selection_success_gains": 0, "selection_success_losses": 0, "success_rate": 0.5}}
{"validation": {"collision_rate": 0.0, "global_step": 30000, "max_applied_correction_abs": 0.0, "mean_applied_correction_abs": 0.0, "mean_covariance_scale_0_max": 1.0, "mean_covariance_scale_0_mean": 1.0, "mean_covariance_scale_0_min": 1.0, "mean_covariance_scale_0_std": 0.0, "mean_covariance_scale_1_max": 1.0, "mean_covariance_scale_1_mean": 1.0, "mean_covariance_scale_1_min": 1.0, "mean_covariance_scale_1_std": 0.0, "mean_cross_track_rmse": 0.11295754892081662, "mean_goal_distance": 0.23540904842425095, "mean_online_conservative_advantage": 0.0, "mean_online_positive_advantage_fraction": 1.0, "mean_path_completion_ratio": 0.9708382848801571, "mean_return": 104.65624694358544, "mean_target_conservative_advantage": 0.0, "mean_target_positive_advantage_fraction": 1.0, "selection_best_global_step": 30000, "selection_collision_regressions": 0, "selection_eligible": true, "selection_mean_goal_distance_improvement": 0.0, "selection_meaningful_improvement": true, "selection_mode": "scalar", "selection_reason": "scalar_score_improved", "selection_selected": true, "selection_success_gains": 0, "selection_success_losses": 0, "success_rate": 1.0}}
{"validation": {"collision_rate": 0.0, "global_step": 40000, "max_applied_correction_abs": 0.0, "mean_applied_correction_abs": 0.0, "mean_covariance_scale_0_max": 1.0, "mean_covariance_scale_0_mean": 1.0, "mean_covariance_scale_0_min": 1.0, "mean_covariance_scale_0_std": 0.0, "mean_covariance_scale_1_max": 1.0, "mean_covariance_scale_1_mean": 1.0, "mean_covariance_scale_1_min": 1.0, "mean_covariance_scale_1_std": 0.0, "mean_cross_track_rmse": 0.11605023407496977, "mean_goal_distance": 0.24263686566977777, "mean_online_conservative_advantage": 0.0, "mean_online_positive_advantage_fraction": 1.0, "mean_path_completion_ratio": 0.9634837978320563, "mean_return": 99.99896411910694, "mean_target_conservative_advantage": 0.0, "mean_target_positive_advantage_fraction": 1.0, "selection_best_global_step": null, "selection_collision_regressions": 0, "selection_eligible": true, "selection_mean_goal_distance_improvement": 0.0, "selection_meaningful_improvement": false, "selection_mode": "scalar", "selection_reason": "scalar_score_not_improved", "selection_selected": false, "selection_success_gains": 0, "selection_success_losses": 0, "success_rate": 1.0}}
{"validation": {"collision_rate": 0.0, "global_step": 50000, "max_applied_correction_abs": 0.0, "mean_applied_correction_abs": 0.0, "mean_covariance_scale_0_max": 1.0, "mean_covariance_scale_0_mean": 1.0, "mean_covariance_scale_0_min": 1.0, "mean_covariance_scale_0_std": 0.0, "mean_covariance_scale_1_max": 1.0, "mean_covariance_scale_1_mean": 1.0, "mean_covariance_scale_1_min": 1.0, "mean_covariance_scale_1_std": 0.0, "mean_cross_track_rmse": 0.10665972742154137, "mean_goal_distance": 0.2234481581194412, "mean_online_conservative_advantage": 0.0, "mean_online_positive_advantage_fraction": 1.0, "mean_path_completion_ratio": 0.9661892476630751, "mean_return": 104.3965121458838, "mean_target_conservative_advantage": 0.0, "mean_target_positive_advantage_fraction": 1.0, "selection_best_global_step": null, "selection_collision_regressions": 0, "selection_eligible": true, "selection_mean_goal_distance_improvement": 0.0, "selection_meaningful_improvement": false, "selection_mode": "scalar", "selection_reason": "scalar_score_not_improved", "selection_selected": false, "selection_success_gains": 0, "selection_success_losses": 0, "success_rate": 1.0}}
{"validation": {"collision_rate": 0.0, "global_step": 60000, "max_applied_correction_abs": 0.0, "mean_applied_correction_abs": 0.0, "mean_covariance_scale_0_max": 1.0, "mean_covariance_scale_0_mean": 1.0, "mean_covariance_scale_0_min": 1.0, "mean_covariance_scale_0_std": 0.0, "mean_covariance_scale_1_max": 1.0, "mean_covariance_scale_1_mean": 1.0, "mean_covariance_scale_1_min": 1.0, "mean_covariance_scale_1_std": 0.0, "mean_cross_track_rmse": 0.12765667895939156, "mean_goal_distance": 0.22545281974739564, "mean_online_conservative_advantage": 0.0, "mean_online_positive_advantage_fraction": 1.0, "mean_path_completion_ratio": 0.9683791919466204, "mean_return": 101.79372370408878, "mean_target_conservative_advantage": 0.0, "mean_target_positive_advantage_fraction": 1.0, "selection_best_global_step": null, "selection_collision_regressions": 0, "selection_eligible": true, "selection_mean_goal_distance_improvement": 0.0, "selection_meaningful_improvement": false, "selection_mode": "scalar", "selection_reason": "scalar_score_not_improved", "selection_selected": false, "selection_success_gains": 0, "selection_success_losses": 0, "success_rate": 1.0}}
{
  "best_checkpoint": "/home/mapples/projects/mobile-robot-mppi-study/results/research_platform/rl/path_conditioned_l185_seed20261901_60k_v2/checkpoints/best.pt",
  "best_validation_score": 1104.6562469435855,
  "checkpoint_selection": null,
  "episodes": 399,
  "global_step": 60000,
  "interrupted_episodes": 0,
  "latest_checkpoint": "/home/mapples/projects/mobile-robot-mppi-study/results/research_platform/rl/path_conditioned_l185_seed20261901_60k_v2/checkpoints/latest.pt",
  "precision_constraint": {
    "config": {
      "dual_lr": 250.0,
      "enabled": false,
      "initial_multiplier": 0.0,
      "maximum_multiplier": 100.0,
      "target_cross_track_rmse_m": 0.04
    },
    "multiplier": 0.0,
    "updates": 0
  }
}
