{
  "anytime_add_fraction": 0.0,
  "anytime_confidence_width_mean": 0.0,
  "anytime_decision_refresh_fraction": 0.0,
  "anytime_mean_samples": 0.0,
  "anytime_predicted_advantage_mean": 0.0,
  "applied_control_jerk": 0.08068287736855258,
  "base_elite_count_total": 0,
  "boundary_safe_success": false,
  "boundary_violation_steps": 4,
  "center_crossing_count": 0,
  "collision": false,
  "completion_handover_authority_mean": 1.0,
  "completion_handover_authority_min": 1.0,
  "completion_handover_enabled_fraction": 0.0,
  "control_jerk": 0.1224830613692843,
  "covariance_scale_mean": 0.8714017715553432,
  "cross_track_max": 0.8670189786240247,
  "cross_track_mean": 0.16315437288825982,
  "cross_track_p95": 0.5234285937853878,
  "cross_track_rmse": 0.263242378886442,
  "dynamic_deadline_conflict_seen_steps": 0,
  "dynamic_deadline_required_speed_max_active": 0.0,
  "dynamic_deadline_speed_floor_mean_active": 0.0,
  "dynamic_deadline_supervisor_active_steps": 0,
  "dynamic_deadline_supervisor_enabled_fraction": 0.0,
  "dynamic_escape_allowed_steps": 18,
  "dynamic_escape_corridor_steps": 0,
  "dynamic_escape_corridor_turn_steps": 0,
  "dynamic_escape_geometric_forward_steps": 0,
  "dynamic_escape_held_steps": 0,
  "dynamic_escape_probability_mass_enabled_fraction": 1.0,
  "dynamic_escape_probability_mass_fallback_steps": 4,
  "dynamic_escape_uncertainty_fusion_steps": 0,
  "dynamic_escape_vetted_planner_control_steps": 18,
  "dynamic_obstacle_count": 3,
  "dynamic_recovery_abort_steps": 0,
  "dynamic_recovery_active_steps": 21,
  "dynamic_recovery_advance_count_max": 0,
  "dynamic_recovery_advance_steps": 0,
  "dynamic_recovery_align_steps": 21,
  "dynamic_recovery_alignment_creep_steps": 0,
  "dynamic_recovery_forward_commit_steps": 0,
  "dynamic_recovery_progress_reentry_count_max": 0,
  "dynamic_recovery_progress_watch_steps": 0,
  "dynamic_recovery_progress_watch_trigger_count": 0,
  "dynamic_recovery_progressive_acceleration_enabled_fraction": 0.0,
  "dynamic_recovery_speed_floor_max": 0.0,
  "dynamic_recovery_speed_floor_mean": 0.0,
  "effective_sample_size_mean": 7.965371258119353,
  "effective_sample_size_min": 1.0,
  "final_goal_distance": 2.297528560711972,
  "integrated_deviation_area": 17.477242016562307,
  "known_static_map_candidate_feasible_fraction_mean": 0.18059583333333332,
  "known_static_map_candidate_filter_enabled_fraction": 1.0,
  "known_static_map_cost_enabled_fraction": 1.0,
  "known_static_map_fallback_steps": 3,
  "known_static_map_minimum_clearance_min": 0.0003118654867529935,
  "known_static_map_no_feasible_decision_fraction": 0.0,
  "known_static_map_weighted_update_infeasible_fraction": 0.0,
  "maximum_recovery_distance": 1.8798846054109497,
  "maximum_recovery_time": 7.900000000001839,
  "mean_abs_omega": 0.21094389330251584,
  "mean_slip_ratio": 0.14895267386118974,
  "minimum_clearance": 0.12052361448924082,
  "minimum_dynamic_obstacle_center_distance": 0.5398148099053818,
  "minimum_footprint_boundary_margin": -0.0487375926857182,
  "obstacle_pass_events": 2,
  "optimizer": "standard",
  "paper_actor_baseline_first_action_l2_delta_mean": 0.1716354374926552,
  "paper_actor_baseline_mean_abs_delta_mean": 0.15376910236829736,
  "paper_candidates_per_iteration_mean": 109.5,
  "paper_gaussian_elite_count_total": 41899,
  "paper_gaussian_feasible_fraction_mean": 0.12054193447975907,
  "paper_gaussian_opportunity_count_total": 260666,
  "paper_gaussian_post_rate_limit_violation_fraction_mean": 0.0,
  "paper_gaussian_raw_rate_limit_violating_candidate_fraction_mean": 0.36412936507936505,
  "paper_gaussian_raw_rate_limit_violation_fraction_mean": 0.049710551697530865,
  "paper_guided_boundary_feasible_fraction_mean": 1.0,
  "paper_guided_boundary_first_failure_step_mean": -1.0,
  "paper_guided_cost_observed_fraction": 0.0008333333333333334,
  "paper_guided_elite_count_total": 0,
  "paper_guided_feasible_fraction_mean": 0.0,
  "paper_guided_minus_gaussian_cost_mean_mean": 79194.46366520875,
  "paper_guided_minus_gaussian_cost_min_mean": 100222.60440616065,
  "paper_guided_opportunity_count_total": 178,
  "paper_guided_reuses_total": 180,
  "paper_guided_risk_feasible_fraction_mean": 0.4606741573033708,
  "paper_guided_risk_first_failure_step_mean": 31.583333333333332,
  "paper_guided_static_feasible_fraction_mean": 0.0,
  "paper_guided_static_first_failure_step_mean": 25.98876404494382,
  "paper_guided_unique_sequences_mean": 0.075,
  "paper_same_cycle_gaussian_actor_isolated_fraction": 0.365,
  "paper_same_cycle_guided_cost_filter_active_fraction": 0.0,
  "paper_same_cycle_guided_cost_filter_enabled_fraction": 0.365,
  "paper_same_cycle_guided_cost_filter_iterations_total": 0,
  "paper_same_cycle_guided_filtered_candidates_total": 0,
  "paper_standard_fallback_active_fraction": 0.0,
  "paper_standard_fallback_contract": "disabled",
  "paper_total_rollouts_mean": 219.0,
  "path_boundary_candidate_feasible_fraction_mean": 1.0,
  "path_boundary_candidate_feasible_fraction_min": 1.0,
  "path_boundary_candidate_filter_enabled_fraction": 0.0,
  "path_boundary_fallback_fraction": 0.0,
  "path_boundary_fallback_steps": 0,
  "path_boundary_final_min_margin_min": 0.0,
  "path_boundary_no_feasible_decision_fraction": 0.0,
  "path_boundary_no_feasible_iteration_fraction_mean": 0.0,
  "path_boundary_weighted_update_infeasible_fraction": 0.0,
  "path_progress_m_max": 14.287696828874253,
  "path_progress_ratio_max": 0.5109376393098418,
  "planner_compute_ms_max": 31337.853299977724,
  "planner_compute_ms_mean": 357.1919554995596,
  "planner_compute_ms_p50": 300.04569998709485,
  "planner_compute_ms_p95": 844.5701299890061,
  "planner_compute_ms_p99": 895.6195630034199,
  "planner_deadline_miss_rate": 1.0,
  "planner_deadline_misses": 1200,
  "planner_deadline_ms": 100.0,
  "planner_temporal_escape_active_steps": 58,
  "probabilistic_obstacle_active_fallback_steps": 58,
  "probabilistic_obstacle_counterflow_escape_steps": 90,
  "probabilistic_obstacle_emergency_candidate_selected_steps": 58,
  "probabilistic_obstacle_emergency_critical_distance_triggered_steps": 0,
  "probabilistic_obstacle_emergency_forecast_corroborated_steps": 57,
  "probabilistic_obstacle_emergency_near_distance_triggered_steps": 69,
  "probabilistic_obstacle_low_risk_forward_commit_steps": 0,
  "probabilistic_obstacle_mass_fallback_steps": 0,
  "probabilistic_obstacle_pareto_forward_commit_steps": 0,
  "probabilistic_obstacle_risk_equivalent_forward_progress_steps": 0,
  "probabilistic_obstacle_speed_governor_bypassed_for_active_avoidance_steps": 58,
  "probabilistic_obstacle_stopping_feasibility_enabled_fraction": 0.365,
  "probabilistic_obstacle_temporal_emergency_triggered_steps": 90,
  "probabilistic_obstacle_temporal_emergency_vetted_steps": 58,
  "probabilistic_obstacle_traversal_candidate_selected_steps": 0,
  "probabilistic_obstacle_traversal_commit_active_steps": 0,
  "probabilistic_obstacle_traversal_commit_admission_exit_deadline_forward_lattice_filtered_steps": 0,
  "probabilistic_obstacle_traversal_commit_admission_exit_deadline_hold_hard_risk_override_steps": 0,
  "probabilistic_obstacle_traversal_commit_admission_exit_deadline_hold_requested_steps": 0,
  "probabilistic_obstacle_traversal_commit_admission_exit_deadline_rejected_steps": 0,
  "probabilistic_obstacle_traversal_commit_admission_prealign_requested_steps": 0,
  "probabilistic_obstacle_traversal_commit_admission_rejected_steps": 0,
  "probabilistic_obstacle_traversal_commit_admission_released_steps": 0,
  "probabilistic_obstacle_traversal_commit_admission_waiting_steps": 0,
  "probabilistic_obstacle_traversal_commit_cancelled_by_temporal_closing_steps": 0,
  "probabilistic_obstacle_traversal_commit_cancelled_by_temporal_exit_deadline_guard_steps": 0,
  "probabilistic_obstacle_traversal_commit_cancelled_by_temporal_midpoint_guard_steps": 0,
  "probabilistic_obstacle_traversal_commit_cancelled_steps": 0,
  "probabilistic_obstacle_traversal_commit_completed_steps": 0,
  "probabilistic_obstacle_traversal_commit_overridden_by_post_center_hard_risk_steps": 0,
  "probabilistic_obstacle_traversal_commit_overridden_by_post_center_temporal_risk_steps": 0,
  "probabilistic_obstacle_traversal_commit_preserved_for_nearest_safe_exit_steps": 0,
  "probabilistic_obstacle_traversal_commit_started_steps": 0,
  "probabilistic_obstacle_traversal_exit_deadline_retreat_escape_latched_steps": 0,
  "probabilistic_obstacle_traversal_exit_deadline_retreat_escape_reused_steps": 0,
  "probabilistic_obstacle_traversal_exit_deadline_retreat_escape_transaction_active_steps": 0,
  "probabilistic_obstacle_traversal_forecast_sufficient_steps": 0,
  "probabilistic_obstacle_traversal_maximum_probability_max": 0.0,
  "probabilistic_obstacle_traversal_post_center_forward_exit_candidate_count_max": 4,
  "probabilistic_obstacle_traversal_post_center_forward_exit_commit_requested_steps": 0,
  "probabilistic_obstacle_traversal_post_center_forward_exit_coverage_applied_steps": 0,
  "probabilistic_obstacle_traversal_post_center_forward_exit_lattice_filtered_steps": 0,
  "probabilistic_obstacle_traversal_post_center_low_ttc_continuity_forward_lattice_filtered_steps": 0,
  "probabilistic_obstacle_traversal_post_center_low_ttc_continuity_hard_risk_fallback_steps": 0,
  "probabilistic_obstacle_traversal_post_center_low_ttc_continuity_release_condition_met_steps": 0,
  "probabilistic_obstacle_traversal_post_center_low_ttc_continuity_requested_steps": 0,
  "probabilistic_obstacle_traversal_post_center_low_ttc_first_step_boundary_handoff_admitted_count_max": 0,
  "probabilistic_obstacle_traversal_post_center_low_ttc_first_step_boundary_handoff_requested_steps": 0,
  "probabilistic_obstacle_traversal_post_center_low_ttc_first_step_boundary_handoff_selected_steps": 0,
  "probabilistic_obstacle_traversal_post_center_low_ttc_nonforward_candidate_count_max": 3,
  "probabilistic_obstacle_traversal_post_center_low_ttc_nonforward_coverage_applied_steps": 0,
  "probabilistic_obstacle_traversal_post_center_low_ttc_nonforward_coverage_requested_steps": 0,
  "probabilistic_obstacle_traversal_post_center_low_ttc_prefix_boundary_handoff_admitted_count_max": 0,
  "probabilistic_obstacle_traversal_post_center_low_ttc_prefix_boundary_handoff_requested_steps": 0,
  "probabilistic_obstacle_traversal_post_center_low_ttc_prefix_boundary_handoff_selected_steps": 0,
  "probabilistic_obstacle_traversal_post_center_temporal_escape_latched_steps": 0,
  "probabilistic_obstacle_traversal_post_center_temporal_escape_reused_steps": 0,
  "probabilistic_obstacle_traversal_probability_mass_min": 0.0,
  "probabilistic_obstacle_traversal_rearm_hold_overridden_by_hard_risk_steps": 0,
  "probabilistic_obstacle_traversal_rearm_hold_overridden_by_temporal_closing_steps": 0,
  "probabilistic_obstacle_traversal_rearm_no_crossing_certified_handoff_active_steps": 0,
  "probabilistic_obstacle_traversal_rearm_no_crossing_certified_handoff_safe_steps": 0,
  "probabilistic_obstacle_traversal_rearm_no_crossing_safe_streak_max": 0,
  "probabilistic_obstacle_traversal_rearm_pending_steps": 0,
  "probabilistic_obstacle_traversal_rearm_released_by_no_crossing_clearance_steps": 0,
  "probabilistic_obstacle_traversal_rearm_staging_approach_requested_steps": 0,
  "probabilistic_obstacle_traversal_rearm_staging_approach_safe_steps": 0,
  "probabilistic_obstacle_traversal_required_steps_max": 0,
  "probabilistic_obstacle_traversal_retreat_completed_steps": 0,
  "probabilistic_obstacle_traversal_retreat_requested_steps": 0,
  "probabilistic_obstacle_traversal_retreat_temporal_lattice_requested_steps": 0,
  "probabilistic_obstacle_traversal_temporal_midpoint_retreat_forward_lattice_filtered_steps": 0,
  "probabilistic_obstacle_traversal_temporal_retreat_post_intent_forward_lattice_filtered_steps": 0,
  "probabilistic_obstacle_traversal_temporal_retreat_raw_lattice_requested_steps": 0,
  "probabilistic_obstacle_traversal_uncommitted_temporal_staging_hold_hard_risk_override_steps": 0,
  "probabilistic_obstacle_traversal_uncommitted_temporal_staging_hold_requested_steps": 0,
  "probabilistic_obstacle_traversal_uncommitted_temporal_staging_hold_selected_steps": 0,
  "probabilistic_obstacle_traversal_uncommitted_temporal_staging_terminal_release_active_steps": 0,
  "probabilistic_obstacle_traversal_window_safe_steps": 0,
  "probabilistic_reference_authority_enabled_fraction": 1.0,
  "probabilistic_reference_authority_mean": 0.9533572627422814,
  "probabilistic_reference_authority_min": 0.2,
  "probabilistic_reference_risk_filtered_max": 0.8972303304691156,
  "profile_mppi_batch_rollout_ms_mean": 6.283104083583264,
  "profile_mppi_cost_ms_mean": 16.013885749392404,
  "profile_mppi_final_rollout_ms_mean": 3.463438250061396,
  "profile_mppi_sampling_ms_mean": 1.6924039999624558,
  "profile_mppi_solve_total_ms_mean": 44.38444933325324,
  "profile_mppi_weighting_update_ms_mean": 15.299932333364268,
  "profile_planner_prior_ms_mean": 1.0031434163587012,
  "profile_planner_state_reference_ms_mean": 31.28939825030102,
  "profile_prior_actor_ms_mean": 0.0,
  "profile_prior_advantage_ms_mean": 0.0,
  "profile_prior_decoder_ms_mean": 0.0,
  "profile_prior_encode_normalize_ms_mean": 0.0,
  "profile_prior_fallback_ms_mean": 0.0,
  "profile_prior_gate_features_ms_mean": 0.0,
  "profile_prior_outer_gate_ms_mean": 0.0,
  "profile_prior_total_ms_mean": 0.0,
  "recovery_events": 2,
  "reliability_actor_competence_gaussian_yield_mean": 0.0,
  "reliability_actor_competence_guided_yield_mean": 0.0,
  "reliability_actor_competence_mapped_mean": 1.0,
  "reliability_actor_competence_max": 1.0,
  "reliability_actor_competence_mean": 1.0,
  "reliability_actor_competence_min": 1.0,
  "reliability_actor_competence_raw_mean": 1.0,
  "reliability_actor_support_confidence_max": 1.0,
  "reliability_actor_support_confidence_mean": 0.635,
  "reliability_actor_support_confidence_min": 0.0,
  "reliability_authority_max": 1.0,
  "reliability_authority_mean": 0.635,
  "reliability_authority_min": 0.0,
  "reliability_counterfactual_actor_progress_mean": 0.0,
  "reliability_counterfactual_advantage_mean": 0.0,
  "reliability_counterfactual_authority_mean": 1.0,
  "reliability_counterfactual_authority_min": 1.0,
  "reliability_counterfactual_baseline_progress_mean": 0.0,
  "reliability_counterfactual_enabled_fraction": 0.0,
  "reliability_dynamics_confidence_max": 1.0,
  "reliability_dynamics_confidence_mean": 0.635,
  "reliability_dynamics_confidence_min": 0.0,
  "reliability_dynamics_routing_mode": "trust_weighted",
  "reliability_guided_fraction_applied_mean": 0.19074999999999998,
  "reliability_guided_fraction_next_mean": 0.19049999999999997,
  "reliability_guided_fraction_raw_applied_mean": 0.19074999999999998,
  "reliability_guided_fraction_raw_applied_min": 0.0,
  "reliability_guided_fraction_raw_next_mean": 0.19049999999999997,
  "reliability_guided_fraction_raw_next_min": 0.0,
  "reliability_high_fraction": 0.0,
  "reliability_hss_enabled_fraction": 0.365,
  "reliability_low_fraction": 0.365,
  "reliability_medium_fraction": 0.0,
  "reliability_model_routing_factor_max": 1.0,
  "reliability_model_routing_factor_mean": 1.0,
  "reliability_model_routing_factor_min": 1.0,
  "reliability_proposal_advantage_authority_applied_mean": 1.0,
  "reliability_proposal_advantage_authority_applied_min": 1.0,
  "reliability_proposal_advantage_disadvantage_fraction": 1.0,
  "reliability_proposal_advantage_gate_enabled_fraction": 0.365,
  "reliability_proposal_advantage_gate_mode": "disabled",
  "reliability_proposal_advantage_gate_shadow_fraction": 0.365,
  "reliability_proposal_advantage_latch_step": -1,
  "reliability_proposal_advantage_latched_fraction": 0.0,
  "reliability_proposal_advantage_observations_max": 1,
  "reliability_proposal_advantage_observed_fraction": 0.0008333333333333334,
  "reliability_proposal_advantage_relative_max": -478.9312303070178,
  "reliability_proposal_advantage_relative_mean": -478.9312303070178,
  "reliability_proposal_advantage_relative_min": -478.9312303070178,
  "reliability_proposal_advantage_would_authority_next_min": 1.0,
  "reliability_proposal_authority_max": 1.0,
  "reliability_proposal_authority_mean": 0.635,
  "reliability_proposal_authority_min": 0.0,
  "reliability_proposal_fallback_fraction_mean": 0.365,
  "reliability_requested_proposal_authority_mean": 0.635,
  "residual_policy_authority_enabled_fraction": 0.0,
  "residual_policy_authority_max": 0.0,
  "residual_policy_authority_mean": 0.0,
  "residual_policy_context_enabled_fraction": 0.0,
  "residual_policy_disagreement_mean": 0.0,
  "residual_policy_innovation_abs_max": 0.0,
  "residual_policy_innovation_abs_mean": 0.0,
  "residual_policy_innovation_valid_fraction": 0.0,
  "residual_policy_predicted_abs_max": 0.0,
  "residual_policy_predicted_abs_mean": 0.0,
  "residual_policy_support_mean": 0.0,
  "residual_reliability_alpha_max": 1.0,
  "residual_reliability_alpha_mean": 0.635,
  "residual_reliability_enabled_fraction": 0.0,
  "residual_reliability_samples_max": 0,
  "residual_safety_shield_acceptance_fraction": 0.04666666666666667,
  "residual_safety_shield_enabled_fraction": 1.0,
  "residual_safety_shield_fallback_fraction": 0.9533333333333334,
  "residual_safety_shield_maximum_position_deviation_m": 0.8226741275087229,
  "residual_stall_guard_enabled_fraction": 0.0,
  "residual_stall_guard_latch_step": -1,
  "residual_stall_guard_latched": false,
  "residual_stall_guard_latched_fraction": 0.0,
  "residual_stall_guard_minimum_authority": 1.0,
  "residual_support_confidence_mean": 0.7322373198980341,
  "residual_support_confidence_min": 0.0,
  "residual_support_disabled_fraction_mean": 0.0,
  "residual_support_reduced_fraction_mean": 0.0,
  "rl_applied_correction_abs_max": 0.0,
  "rl_applied_correction_abs_mean": 0.0,
  "rl_base_action_abs_mean": 0.0,
  "rl_baseline_progress_gate_ready_fraction": 0.0,
  "rl_baseline_progress_m_mean": 0.0,
  "rl_baseline_stagnation_activation_max": 0.0,
  "rl_baseline_stagnation_activation_mean": 0.0,
  "rl_baseline_stagnation_held_fraction": 0.0,
  "rl_competence_confidence_mean": 0.0,
  "rl_correction_advantage_critic_source": "online",
  "rl_correction_advantage_gate_alpha_mean": 1.0,
  "rl_correction_advantage_gate_mode": "none",
  "rl_correction_advantage_threshold": 0.0,
  "rl_correction_advantage_uncertainty_multiplier": 1.0,
  "rl_correction_effective_gate_alpha_mean": 1.0,
  "rl_correction_gate_alpha_mean": 0.0,
  "rl_correction_support_confidence_mean": 1.0,
  "rl_correction_support_confidence_min": 1.0,
  "rl_correction_support_gate_enabled": false,
  "rl_critic_disagreement_max": 0.0,
  "rl_critic_disagreement_mean": 0.0,
  "rl_driven_total_rollouts_mean": 0.0,
  "rl_elite_count_total": 0,
  "rl_elite_fraction_mean": 0.0,
  "rl_exploration_activation_mean": 0.0,
  "rl_exploration_latch_alpha_mean": 0.0,
  "rl_gate_active_fraction": 0.0,
  "rl_gate_alpha_mean": 0.0,
  "rl_gate_fallback_steps": 0,
  "rl_hazard_activation_mean": 0.0,
  "rl_learned_inference_skip_fraction": 0.0,
  "rl_online_conservative_advantage_max": 0.0,
  "rl_online_conservative_advantage_mean": 0.0,
  "rl_online_conservative_advantage_min": 0.0,
  "rl_online_positive_advantage_fraction": 1.0,
  "rl_ood_score_max": 0.0,
  "rl_ood_score_mean": 0.0,
  "rl_policy_mode": "direct",
  "rl_raw_applied_correction_abs_mean": 0.0,
  "rl_scene_complexity_constriction_mean": 0.0,
  "rl_scene_complexity_density_mean": 0.0,
  "rl_scene_complexity_front_proximity_mean": 0.0,
  "rl_scene_complexity_scan_valid_fraction": 0.0,
  "rl_scene_complexity_score_max": 0.0,
  "rl_scene_complexity_score_mean": 0.0,
  "rl_selected_consensus_lcb_mean": 0.0,
  "rl_subgoal_abs_bearing_mean": 0.0,
  "rl_subgoal_distance_mean": 0.0,
  "rl_target_conservative_advantage_max": 0.0,
  "rl_target_conservative_advantage_mean": 0.0,
  "rl_target_conservative_advantage_min": 0.0,
  "rl_target_positive_advantage_fraction": 1.0,
  "rl_temporal_closing_gate_alpha_max": 0.0,
  "rl_temporal_closing_gate_alpha_mean": 0.0,
  "rl_temporal_closing_held_fraction": 0.0,
  "rl_temporal_closing_rate_mps_max": 0.0,
  "rl_unit_correction_abs_mean": 0.0,
  "rl_unselected_critic_diagnostics_computed_fraction": 0.0,
  "safety_interventions": 579,
  "safety_reason_counts": {
    "dynamic_recovery_align": 21,
    "front_obstacle_slow": 558
  },
  "sample_saturation_fraction_mean": 0.14231832561728394,
  "shifted_elite_count_total": 0,
  "signed_cross_track_error_mean": 0.08095253968081685,
  "spin_steps": 21,
  "static_astar_replan_count_max": 1,
  "static_astar_replan_enabled_fraction": 1.0,
  "static_astar_replan_trigger_count": 1,
  "steps": 1200,
  "stuck_steps": 333,
  "success": false,
  "supervised_added_rollout_count_total": 0,
  "supervised_counterfactual_available_fraction": 0.0,
  "supervised_counterfactual_first_action_delta_norm_mean_active": 0.0,
  "supervised_counterfactual_sequence_delta_norm_mean_active": 0.0,
  "supervised_elite_count_total": 0,
  "supervised_elite_weight_sum_final_iteration_mean": 0.0,
  "supervised_head_0_elite_count_total": 0,
  "supervised_head_0_proposal_count_total": 0,
  "supervised_head_0_risk_feasible_count_total": 0,
  "supervised_head_0_selected_count_total": 0,
  "supervised_head_1_elite_count_total": 0,
  "supervised_head_1_proposal_count_total": 0,
  "supervised_head_1_risk_feasible_count_total": 0,
  "supervised_head_1_selected_count_total": 0,
  "supervised_head_2_elite_count_total": 0,
  "supervised_head_2_proposal_count_total": 0,
  "supervised_head_2_risk_feasible_count_total": 0,
  "supervised_head_2_selected_count_total": 0,
  "supervised_influence_survival_ratio_mean_active": 0.0,
  "supervised_influence_survived_guard_fraction_active": 0.0,
  "supervised_maneuver_actor_enabled_fraction": 0.0,
  "supervised_post_guard_action_delta_norm_mean_active": 0.0,
  "supervised_post_guard_replacement_reason_counts": {},
  "supervised_proposal_count_total": 0,
  "supervised_risk_feasible_count_total": 0,
  "supervised_selected_count_total": 0,
  "tangent_heading_rmse": 0.31128275983860126,
  "temporal_safety_interventions": 0,
  "temporal_scan_closing_rate_mps_max": 1.3507048443878458,
  "temporal_scan_rejected_jump_fraction_max": 0.5481481481481482,
  "temporal_scan_risk_alpha_max": 1.0,
  "temporal_scan_risk_alpha_mean": 0.661673180883974,
  "temporal_scan_valid_fraction": 0.9991666666666666,
  "terminal_guidance_floor_active_fraction": 0.0,
  "terminal_guidance_terminal_active_fraction": 0.0,
  "terminal_guidance_tracking_active_fraction": 0.0,
  "terminal_q_disagreement_mean": 0.0,
  "terminal_q_mean": 0.0,
  "terminal_value_authority_max": 1.0,
  "terminal_value_authority_mean": 1.0,
  "terminal_value_authority_min": 1.0,
  "terminal_value_causal_cap_active_fraction": 0.0,
  "terminal_value_causal_dynamics_cap_mean": 1.0,
  "terminal_value_causal_dynamics_cap_min": 1.0,
  "terminal_value_completion_authority_mean": 1.0,
  "terminal_value_completion_authority_min": 1.0,
  "terminal_value_conservative_enabled_fraction": 0.0,
  "terminal_value_critic_confidence_mean": 1.0,
  "terminal_value_dynamics_confidence_mean": 1.0,
  "terminal_value_enabled_fraction": 0.0,
  "terminal_value_raw_authority_mean": 0.0,
  "terminal_value_uncertainty_cost_mean": 0.0,
  "terminal_value_uncertainty_mean": 0.0,
  "termination_reason": "max_steps",
  "time_to_goal_s": null,
  "trajectory_length": 22.18648802860341
}
