Traceback (most recent call last):
  File "D:\Projects\mobile-robot-mppi-study-single-v6\experiments\dynamic_uncertainty\run_complex_supervised_maneuver_actor_gate_d.py", line 210, in <module>
    raise SystemExit(main())
  File "D:\Projects\mobile-robot-mppi-study-single-v6\experiments\dynamic_uncertainty\run_complex_supervised_maneuver_actor_gate_d.py", line 204, in main
    ).run()
  File "D:\Projects\mobile-robot-mppi-study-single-v6\src\mobile_robot_mppi\runtime\experiment_runner.py", line 118, in run
    plan = controller.plan(perceived.observation, reference)
  File "D:\Projects\mobile-robot-mppi-study-single-v6\src\mobile_robot_mppi\planning\residual_shield.py", line 566, in plan
    nominal_plan, residual_plan = self._plan_pair(
  File "D:\Projects\mobile-robot-mppi-study-single-v6\src\mobile_robot_mppi\planning\residual_shield.py", line 210, in _plan_pair
    return nominal_future.result(), residual_future.result()
  File "C:\Users\lenovo\AppData\Local\Programs\Python\Python310\lib\concurrent\futures\_base.py", line 458, in result
    return self.__get_result()
  File "C:\Users\lenovo\AppData\Local\Programs\Python\Python310\lib\concurrent\futures\_base.py", line 403, in __get_result
    raise self._exception
  File "C:\Users\lenovo\AppData\Local\Programs\Python\Python310\lib\concurrent\futures\thread.py", line 58, in run
    result = self.fn(*self.args, **self.kwargs)
  File "D:\Projects\mobile-robot-mppi-study-single-v6\src\mobile_robot_mppi\planning\mppi.py", line 7715, in plan
    action, sequence, updated_trajectory, diagnostics = self._solve_plan(
  File "D:\Projects\mobile-robot-mppi-study-single-v6\src\mobile_robot_mppi\planning\rl_driven_mppi.py", line 1993, in _solve_plan
    raise ValueError(
ValueError: fixed guided allocation cannot hold all supervised maneuver proposals
