{
  "actor_training_authorized": false,
  "first_step_safety_gate_pass": false,
  "formal_server_launch_authorized": false,
  "maps": [
    {
      "anchor_index": 64,
      "anchor_time_s": 6.399999999999517,
      "candidate_count": 167,
      "forecast_count": 1,
      "map": "chapter1",
      "physical_teacher_exists": true,
      "physically_safe_teacher_count": 3,
      "risk_accepted_teacher_count": 0,
      "risk_accepted_teacher_exists": false,
      "saved_artifact": "D:\\Projects\\mobile-robot-mppi-study-single-v6\\research_artifacts\\complex_actor_teacher_probe_v2\\chapter1_seed791101001",
      "saved_config_sha256": "be47c2ea5d139536b9a45b9829065197b2e9c01594ca1248b708dfe3ac0392ef",
      "saved_trajectory_sha256": "ef46b5ad569856700e9429d7465bcb546af761e71659a9791dcbe15deeb82cc5",
      "seed": 791101001,
      "selected_first_control": [
        -0.35,
        -0.23625
      ],
      "selected_first_step_safety_nonstop": true,
      "selected_index": 11,
      "selected_mode": "reverse_left",
      "selected_online_hard_violation": true,
      "selected_online_maximum_probability": 0.9999999999999999,
      "selected_online_probability_mass": 18.198869166324563,
      "selected_predicted_static_clearance_m": 0.8152453943692684,
      "selected_safety_executed_control": [
        -0.35,
        -0.23625
      ],
      "selected_true_dynamic_clearance_m": 0.03255988338144186,
      "selected_true_progress_m": 0.3167715959428431,
      "selected_true_static_clearance_m": 0.027960492000581594
    },
    {
      "anchor_index": 42,
      "anchor_time_s": 4.1999999999997595,
      "candidate_count": 167,
      "forecast_count": 2,
      "map": "chapter2",
      "physical_teacher_exists": true,
      "physically_safe_teacher_count": 2,
      "risk_accepted_teacher_count": 2,
      "risk_accepted_teacher_exists": true,
      "saved_artifact": "D:\\Projects\\mobile-robot-mppi-study-single-v6\\research_artifacts\\complex_actor_teacher_extended_preview_v1\\chapter2_seed790202007",
      "saved_config_sha256": "55b2ff26251a22f9a3c140c18aaf5d3441f62945c220bad092521f862ce11be3",
      "saved_trajectory_sha256": "473c5944678d85a6cf437f15cd460f7f7bf09bf1ee2916d4e1bddb2bb863021f",
      "seed": 790202007,
      "selected_first_control": [
        -0.35,
        -0.14175
      ],
      "selected_first_step_safety_nonstop": true,
      "selected_index": 8,
      "selected_mode": "reverse_left",
      "selected_online_hard_violation": false,
      "selected_online_maximum_probability": 0.1975679623415414,
      "selected_online_probability_mass": 2.7921668992358404,
      "selected_predicted_static_clearance_m": 0.4735298109216899,
      "selected_safety_executed_control": [
        -0.35,
        -0.14175
      ],
      "selected_true_dynamic_clearance_m": 1.749946095648248,
      "selected_true_progress_m": 0.21649204316681725,
      "selected_true_static_clearance_m": 0.03157558168198121
    },
    {
      "anchor_index": 52,
      "anchor_time_s": 5.199999999999649,
      "candidate_count": 167,
      "forecast_count": 2,
      "map": "chapter3",
      "physical_teacher_exists": false,
      "physically_safe_teacher_count": 0,
      "risk_accepted_teacher_count": 0,
      "risk_accepted_teacher_exists": false,
      "saved_artifact": "D:\\Projects\\mobile-robot-mppi-study-single-v6\\research_artifacts\\complex_actor_teacher_probe_v1\\chapter3_seed790203007",
      "saved_config_sha256": "c4b9aa3eaf1355909be33cf24e777a1d5b0bebccb5721fb54b92acd9dc91212c",
      "saved_trajectory_sha256": "7e6bb8a401c177b36ec28e54beee4758cefaf68a157639262a3fcb8e113f8882",
      "seed": 790203007,
      "selected_first_control": null,
      "selected_first_step_safety_nonstop": false,
      "selected_index": -1,
      "selected_mode": null,
      "selected_online_hard_violation": null,
      "selected_online_maximum_probability": null,
      "selected_online_probability_mass": null,
      "selected_predicted_static_clearance_m": null,
      "selected_safety_executed_control": null,
      "selected_true_dynamic_clearance_m": null,
      "selected_true_progress_m": null,
      "selected_true_static_clearance_m": null
    }
  ],
  "physical_teacher_gate_pass": false,
  "protocol": "complex_supervised_actor_privileged_teacher_gate_v1",
  "risk_acceptance_gate_pass": false,
  "schema_version": 1,
  "scope": "development_only_pretraining_gate",
  "status": "fail"
}
