{"validation": {"collision_rate": 0.0, "global_step": 10000, "max_applied_correction_abs": 0.0, "mean_applied_correction_abs": 0.0, "mean_covariance_scale_0_max": 1.0, "mean_covariance_scale_0_mean": 1.0, "mean_covariance_scale_0_min": 1.0, "mean_covariance_scale_0_std": 0.0, "mean_covariance_scale_1_max": 1.0, "mean_covariance_scale_1_mean": 1.0, "mean_covariance_scale_1_min": 1.0, "mean_covariance_scale_1_std": 0.0, "mean_cross_track_rmse": 0.6025843282659362, "mean_goal_distance": 1.227824615357, "mean_online_conservative_advantage": 0.0, "mean_online_positive_advantage_fraction": 1.0, "mean_path_completion_ratio": 0.6881885667591294, "mean_return": -351.45724043632055, "mean_target_conservative_advantage": 0.0, "mean_target_positive_advantage_fraction": 1.0, "selection_best_global_step": 10000, "selection_collision_regressions": 0, "selection_eligible": true, "selection_mean_goal_distance_improvement": 0.0, "selection_meaningful_improvement": true, "selection_mode": "scalar", "selection_reason": "scalar_score_improved", "selection_selected": true, "selection_success_gains": 0, "selection_success_losses": 0, "success_rate": 0.35}}
{"validation": {"collision_rate": 0.0, "global_step": 20000, "max_applied_correction_abs": 0.0, "mean_applied_correction_abs": 0.0, "mean_covariance_scale_0_max": 1.0, "mean_covariance_scale_0_mean": 1.0, "mean_covariance_scale_0_min": 1.0, "mean_covariance_scale_0_std": 0.0, "mean_covariance_scale_1_max": 1.0, "mean_covariance_scale_1_mean": 1.0, "mean_covariance_scale_1_min": 1.0, "mean_covariance_scale_1_std": 0.0, "mean_cross_track_rmse": 0.11286565999550482, "mean_goal_distance": 0.24777607749166103, "mean_online_conservative_advantage": 0.0, "mean_online_positive_advantage_fraction": 1.0, "mean_path_completion_ratio": 0.9624712126127333, "mean_return": 92.23990374389481, "mean_target_conservative_advantage": 0.0, "mean_target_positive_advantage_fraction": 1.0, "selection_best_global_step": 20000, "selection_collision_regressions": 0, "selection_eligible": true, "selection_mean_goal_distance_improvement": 0.0, "selection_meaningful_improvement": true, "selection_mode": "scalar", "selection_reason": "scalar_score_improved", "selection_selected": true, "selection_success_gains": 0, "selection_success_losses": 0, "success_rate": 1.0}}
{"validation": {"collision_rate": 0.0, "global_step": 30000, "max_applied_correction_abs": 0.0, "mean_applied_correction_abs": 0.0, "mean_covariance_scale_0_max": 1.0, "mean_covariance_scale_0_mean": 1.0, "mean_covariance_scale_0_min": 1.0, "mean_covariance_scale_0_std": 0.0, "mean_covariance_scale_1_max": 1.0, "mean_covariance_scale_1_mean": 1.0, "mean_covariance_scale_1_min": 1.0, "mean_covariance_scale_1_std": 0.0, "mean_cross_track_rmse": 0.2794146006740959, "mean_goal_distance": 0.24637708466751623, "mean_online_conservative_advantage": 0.0, "mean_online_positive_advantage_fraction": 1.0, "mean_path_completion_ratio": 0.9786522033365312, "mean_return": 32.56010302758744, "mean_target_conservative_advantage": 0.0, "mean_target_positive_advantage_fraction": 1.0, "selection_best_global_step": null, "selection_collision_regressions": 0, "selection_eligible": true, "selection_mean_goal_distance_improvement": 0.0, "selection_meaningful_improvement": false, "selection_mode": "scalar", "selection_reason": "scalar_score_not_improved", "selection_selected": false, "selection_success_gains": 0, "selection_success_losses": 0, "success_rate": 1.0}}
{"validation": {"collision_rate": 0.0, "global_step": 40000, "max_applied_correction_abs": 0.0, "mean_applied_correction_abs": 0.0, "mean_covariance_scale_0_max": 1.0, "mean_covariance_scale_0_mean": 1.0, "mean_covariance_scale_0_min": 1.0, "mean_covariance_scale_0_std": 0.0, "mean_covariance_scale_1_max": 1.0, "mean_covariance_scale_1_mean": 1.0, "mean_covariance_scale_1_min": 1.0, "mean_covariance_scale_1_std": 0.0, "mean_cross_track_rmse": 0.12372899644273956, "mean_goal_distance": 0.8119356672676934, "mean_online_conservative_advantage": 0.0, "mean_online_positive_advantage_fraction": 1.0, "mean_path_completion_ratio": 0.6998797339434453, "mean_return": 40.59043225259004, "mean_target_conservative_advantage": 0.0, "mean_target_positive_advantage_fraction": 1.0, "selection_best_global_step": null, "selection_collision_regressions": 0, "selection_eligible": true, "selection_mean_goal_distance_improvement": 0.0, "selection_meaningful_improvement": false, "selection_mode": "scalar", "selection_reason": "scalar_score_not_improved", "selection_selected": false, "selection_success_gains": 0, "selection_success_losses": 0, "success_rate": 0.5}}
{"validation": {"collision_rate": 0.0, "global_step": 50000, "max_applied_correction_abs": 0.0, "mean_applied_correction_abs": 0.0, "mean_covariance_scale_0_max": 1.0, "mean_covariance_scale_0_mean": 1.0, "mean_covariance_scale_0_min": 1.0, "mean_covariance_scale_0_std": 0.0, "mean_covariance_scale_1_max": 1.0, "mean_covariance_scale_1_mean": 1.0, "mean_covariance_scale_1_min": 1.0, "mean_covariance_scale_1_std": 0.0, "mean_cross_track_rmse": 0.20956794876397292, "mean_goal_distance": 0.7785072697708825, "mean_online_conservative_advantage": 0.0, "mean_online_positive_advantage_fraction": 1.0, "mean_path_completion_ratio": 0.7262380954207563, "mean_return": 22.623214340997833, "mean_target_conservative_advantage": 0.0, "mean_target_positive_advantage_fraction": 1.0, "selection_best_global_step": null, "selection_collision_regressions": 0, "selection_eligible": true, "selection_mean_goal_distance_improvement": 0.0, "selection_meaningful_improvement": false, "selection_mode": "scalar", "selection_reason": "scalar_score_not_improved", "selection_selected": false, "selection_success_gains": 0, "selection_success_losses": 0, "success_rate": 0.5}}
{"validation": {"collision_rate": 0.0, "global_step": 60000, "max_applied_correction_abs": 0.0, "mean_applied_correction_abs": 0.0, "mean_covariance_scale_0_max": 1.0, "mean_covariance_scale_0_mean": 1.0, "mean_covariance_scale_0_min": 1.0, "mean_covariance_scale_0_std": 0.0, "mean_covariance_scale_1_max": 1.0, "mean_covariance_scale_1_mean": 1.0, "mean_covariance_scale_1_min": 1.0, "mean_covariance_scale_1_std": 0.0, "mean_cross_track_rmse": 0.1788951686671122, "mean_goal_distance": 0.2408446199232194, "mean_online_conservative_advantage": 0.0, "mean_online_positive_advantage_fraction": 1.0, "mean_path_completion_ratio": 0.9637261449366166, "mean_return": 77.64262065957936, "mean_target_conservative_advantage": 0.0, "mean_target_positive_advantage_fraction": 1.0, "selection_best_global_step": null, "selection_collision_regressions": 0, "selection_eligible": true, "selection_mean_goal_distance_improvement": 0.0, "selection_meaningful_improvement": false, "selection_mode": "scalar", "selection_reason": "scalar_score_not_improved", "selection_selected": false, "selection_success_gains": 0, "selection_success_losses": 0, "success_rate": 1.0}}
{
  "best_checkpoint": "/home/mapples/projects/mobile-robot-mppi-study/results/research_platform/rl/path_conditioned_l185_seed20261903_60k/checkpoints/best.pt",
  "best_validation_score": 1092.2399037438947,
  "checkpoint_selection": null,
  "episodes": 343,
  "global_step": 60000,
  "interrupted_episodes": 0,
  "latest_checkpoint": "/home/mapples/projects/mobile-robot-mppi-study/results/research_platform/rl/path_conditioned_l185_seed20261903_60k/checkpoints/latest.pt",
  "precision_constraint": {
    "config": {
      "dual_lr": 250.0,
      "enabled": false,
      "initial_multiplier": 0.0,
      "maximum_multiplier": 100.0,
      "target_cross_track_rmse_m": 0.04
    },
    "multiplier": 0.0,
    "updates": 0
  }
}
